package /Users/romaindespoulain/miniforge3/envs/pops-api040/lib/python3.12/site-packages/pops/__init__.py
inspector /Users/romaindespoulain/miniforge3/envs/pops-api040/lib/python3.12/site-packages/pops/codegen/inspect_compiled.py e33878533609c4f31381ec4151b562e1ec308753b27a35588fea387801084080
scope: source/host tests on installed pre-fix inspector, not native PDE execution
FF                                                                       [100%]
=================================== FAILURES ===================================
_ test_distinct_homonymous_defaults_survive_arguments_manifest_and_memory_metadata[False] _
tests/python/unit/codegen/test_qualified_parameter_inspection.py:32: in test_distinct_homonymous_defaults_survive_arguments_manifest_and_memory_metadata
    arguments = artifact.arguments()
                ^^^^^^^^^^^^^^^^^^^^
../../../../../../miniforge3/envs/pops-api040/lib/python3.12/site-packages/pops/codegen/_compiled_artifact.py:909: in arguments
    return build_arguments(self)
           ^^^^^^^^^^^^^^^^^^^^^
../../../../../../miniforge3/envs/pops-api040/lib/python3.12/site-packages/pops/codegen/inspect_compiled.py:210: in build_arguments
    return _build_arguments(
../../../../../../miniforge3/envs/pops-api040/lib/python3.12/site-packages/pops/codegen/inspect_compiled.py:396: in _build_arguments
    params = _merge_parameter_metadata(model_rows)
             ^^^^^^^^^^^^^^^^^^^^^^^^^^^^^^^^^^^^^
../../../../../../miniforge3/envs/pops-api040/lib/python3.12/site-packages/pops/codegen/inspect_compiled.py:299: in _merge_parameter_metadata
    raise ValueError(
E   ValueError: compiled blocks 'block_0' and 'block_1' declare conflicting parameter metadata for 'gain'
_ test_distinct_homonymous_defaults_survive_arguments_manifest_and_memory_metadata[True] _
tests/python/unit/codegen/test_qualified_parameter_inspection.py:32: in test_distinct_homonymous_defaults_survive_arguments_manifest_and_memory_metadata
    arguments = artifact.arguments()
                ^^^^^^^^^^^^^^^^^^^^
../../../../../../miniforge3/envs/pops-api040/lib/python3.12/site-packages/pops/codegen/_compiled_artifact.py:909: in arguments
    return build_arguments(self)
           ^^^^^^^^^^^^^^^^^^^^^
../../../../../../miniforge3/envs/pops-api040/lib/python3.12/site-packages/pops/codegen/inspect_compiled.py:210: in build_arguments
    return _build_arguments(
../../../../../../miniforge3/envs/pops-api040/lib/python3.12/site-packages/pops/codegen/inspect_compiled.py:396: in _build_arguments
    params = _merge_parameter_metadata(model_rows)
             ^^^^^^^^^^^^^^^^^^^^^^^^^^^^^^^^^^^^^
../../../../../../miniforge3/envs/pops-api040/lib/python3.12/site-packages/pops/codegen/inspect_compiled.py:299: in _merge_parameter_metadata
    raise ValueError(
E   ValueError: compiled blocks 'block_1' and 'block_0' declare conflicting parameter metadata for 'gain'
=========================== short test summary info ============================
FAILED tests/python/unit/codegen/test_qualified_parameter_inspection.py::test_distinct_homonymous_defaults_survive_arguments_manifest_and_memory_metadata[False]
FAILED tests/python/unit/codegen/test_qualified_parameter_inspection.py::test_distinct_homonymous_defaults_survive_arguments_manifest_and_memory_metadata[True]
2 failed in 1.60s
