........................................................................ [  6%]
........................................................................ [ 13%]
........................................................................ [ 19%]
........................................................................ [ 26%]
........................................................................ [ 32%]
........................................................................ [ 39%]
........................................................................ [ 45%]
........................................................................ [ 52%]
........................................................................ [ 58%]
........................................................................ [ 65%]
........................................................................ [ 71%]
........................................................................ [ 78%]
........................................................................ [ 84%]
........................................................................ [ 91%]
........................................................................ [ 97%]
...........................                                              [100%]
=============================== warnings summary ===============================
tests/python/unit/codegen/test_program_source_kernel_reuse.py::test_native_shared_source_helper_preserves_two_block_updates[False]
tests/python/unit/codegen/test_program_source_kernel_reuse.py::test_native_shared_source_helper_preserves_two_block_updates[True]
  tests/python/unit/codegen/test_program_source_kernel_reuse.py:279: PytestWarning: record_property is incompatible with junit_family 'xunit2' (use 'legacy' or 'xunit1')
    @pytest.mark.compiler

-- Docs: https://docs.pytest.org/en/stable/how-to/capture-warnings.html
1107 passed, 30 deselected, 2 warnings in 725.41s (0:12:05)
