 ____       ____  ____
|  _ \ ___ |  _ \/ ___|
| |_) / _ \| |_) \___ \
|  __/ (_) |  __/ ___) |
|_|   \___/|_|   |____/
PoPS 1.1.0 | resolved simulation launch
================================================================
  case                : api040_M01_cell_averages
  target / backend    : system / production
  compute             : native C++ / Kokkos OpenMP
  execution lanes     : 1
  precision           : double (8 bytes)
  communicator        : MPI_COMM_WORLD (1 rank)
  blocks              : tracer
  numerics tracer     : finite_volume, variables=conservative, reconstruction=muscl, riemann=rusanov, formal_order=2, ghost_depth=2
  layout 0            : Uniform; 40 x 40 cells; 1 level; [0, 1] x [0, 1]
  step strategy       : adaptive_cfl (cfl=0.3)
  interval            : 0 -> 0.125 (max 10000 accepted steps)
  consumers           : none
  output root         : none
  artifact identity   : 965e83bbfec88b32
  run identity        : b7fcf975db3edecc
================================================================
----------------------------------------------------------------
PoPS run completed
  accepted / rejected : 17 / 0
  final time / step   : 0.125 / 17
  elapsed             : 0.012293 s
  run identity        : b7fcf975db3edecc
 ____       ____  ____
|  _ \ ___ |  _ \/ ___|
| |_) / _ \| |_) \___ \
|  __/ (_) |  __/ ___) |
|_|   \___/|_|   |____/
PoPS 1.1.0 | resolved simulation launch
================================================================
  case                : api040_M01_cell_averages
  target / backend    : system / production
  compute             : native C++ / Kokkos OpenMP
  execution lanes     : 1
  precision           : double (8 bytes)
  communicator        : MPI_COMM_WORLD (1 rank)
  blocks              : tracer
  numerics tracer     : finite_volume, variables=conservative, reconstruction=muscl, riemann=rusanov, formal_order=2, ghost_depth=2
  layout 0            : Uniform; 80 x 80 cells; 1 level; [0, 1] x [0, 1]
  step strategy       : adaptive_cfl (cfl=0.3)
  interval            : 0 -> 0.125 (max 10000 accepted steps)
  consumers           : none
  output root         : none
  artifact identity   : 4f4693e3151cee0e
  run identity        : 76a96f9cf10778d0
================================================================
----------------------------------------------------------------
PoPS run completed
  accepted / rejected : 34 / 0
  final time / step   : 0.125 / 34
  elapsed             : 0.064723 s
  run identity        : 76a96f9cf10778d0
 ____       ____  ____
|  _ \ ___ |  _ \/ ___|
| |_) / _ \| |_) \___ \
|  __/ (_) |  __/ ___) |
|_|   \___/|_|   |____/
PoPS 1.1.0 | resolved simulation launch
================================================================
  case                : api040_M01_cell_averages
  target / backend    : system / production
  compute             : native C++ / Kokkos OpenMP
  execution lanes     : 1
  precision           : double (8 bytes)
  communicator        : MPI_COMM_WORLD (1 rank)
  blocks              : tracer
  numerics tracer     : finite_volume, variables=conservative, reconstruction=muscl, riemann=rusanov, formal_order=2, ghost_depth=2
  layout 0            : Uniform; 160 x 160 cells; 1 level; [0, 1] x [0, 1]
  step strategy       : adaptive_cfl (cfl=0.3)
  interval            : 0 -> 0.125 (max 10000 accepted steps)
  consumers           : none
  output root         : none
  artifact identity   : 5e4ca950fbdddf3f
  run identity        : 70235a5e49fba0f4
================================================================
----------------------------------------------------------------
PoPS run completed
  accepted / rejected : 67 / 0
  final time / step   : 0.125 / 67
  elapsed             : 0.420132 s
  run identity        : 70235a5e49fba0f4
 ____       ____  ____
|  _ \ ___ |  _ \/ ___|
| |_) / _ \| |_) \___ \
|  __/ (_) |  __/ ___) |
|_|   \___/|_|   |____/
PoPS 1.1.0 | resolved simulation launch
================================================================
  case                : api040_M01_cell_averages
  target / backend    : system / production
  compute             : native C++ / Kokkos OpenMP
  execution lanes     : 1
  precision           : double (8 bytes)
  communicator        : MPI_COMM_WORLD (1 rank)
  blocks              : tracer
  numerics tracer     : finite_volume, variables=conservative, reconstruction=muscl, riemann=rusanov, formal_order=2, ghost_depth=2
  layout 0            : Uniform; 320 x 320 cells; 1 level; [0, 1] x [0, 1]
  step strategy       : adaptive_cfl (cfl=0.3)
  interval            : 0 -> 0.125 (max 10000 accepted steps)
  consumers           : none
  output root         : none
  artifact identity   : 615c257c21af412e
  run identity        : 1033789cb4eb1200
================================================================
----------------------------------------------------------------
PoPS run completed
  accepted / rejected : 134 / 0
  final time / step   : 0.125 / 134
  elapsed             : 3.318524 s
  run identity        : 1033789cb4eb1200
{
  "schema_version": 1,
  "case": "M01/W01",
  "status": "passed",
  "scope": "periodic cell-average cosine; full uniform Dim=2 grids, invariant y",
  "equation": "u_t + u_x = 0",
  "initial": "cell average of 1 + 0.1*cos(2*pi*x)",
  "method": "MUSCL-MC, Rusanov, SSPRK2",
  "cfl": 0.3,
  "t_end": 0.125,
  "criteria": {
    "minimum_order": 1.6,
    "mass_tolerance": 1e-12,
    "time_tolerance": 1e-14,
    "initial_tolerance": 1e-14,
    "bound_tolerance": 1e-12
  },
  "resolutions": [
    40,
    80,
    160,
    320
  ],
  "l1_orders": [
    2.0754518161545032,
    2.0737386874393087,
    2.059888037453816
  ],
  "runs": [
    {
      "cells": [
        40,
        40
      ],
      "time": 0.125,
      "accepted_steps": 17,
      "l1": 0.0002997736458275088,
      "initial_max_error": 0.0,
      "center_average_gap": 0.00010245984895673743,
      "mass_error": 0.0,
      "minimum": 0.9010920857876339,
      "maximum": 1.098907914212366,
      "compile_seconds": 1.3036038749851286,
      "run_seconds": 0.06341483304277062,
      "run_report": {
        "accepted_steps": 17,
        "rejected_steps": 0,
        "final_time": 0.125,
        "final_macro_step": 17,
        "stop_reason": "target_time_reached",
        "run_identity": {
          "domain": "run",
          "schema_version": 1,
          "algorithm": "sha256",
          "digest": {
            "encoding": "hex",
            "bytes": "b7fcf975db3edeccb75ba76c762343fd3a5fba9495f51c2ba4b7ae10a6c4bc5a"
          }
        },
        "bind_identity": {
          "domain": "bind",
          "schema_version": 1,
          "algorithm": "sha256",
          "digest": {
            "encoding": "hex",
            "bytes": "b76fc374ecf18a316988c1aa12a1380e490aa29e8cda0fa1c810a172e7dd5bf1"
          }
        },
        "execution_identity": {
          "domain": "execution-context",
          "schema_version": 1,
          "algorithm": "sha256",
          "digest": {
            "encoding": "hex",
            "bytes": "60cb7f9078e144527fc6335fe2a35d83d2bc478f407802974c26591ec5b6b68a"
          }
        },
        "artifact_identity": {
          "domain": "artifact",
          "schema_version": 1,
          "algorithm": "sha256",
          "digest": {
            "encoding": "hex",
            "bytes": "965e83bbfec88b32c66aff7889b5e17dce9d0c7359d7295183e2b29010483b1b"
          }
        },
        "field_providers": []
      },
      "execution_context": {
        "schema_version": 1,
        "backend_identity": {
          "domain": "runtime-backend-manifest",
          "schema_version": 1,
          "algorithm": "sha256",
          "digest": {
            "encoding": "hex",
            "bytes": "4f0b25caa22b4aaf5fc10e81b5b07f6c30e9a311614a8e08ea1444c5ea167359"
          }
        },
        "communicator": {
          "kind": "communicator",
          "identity": "MPI_COMM_WORLD"
        },
        "datatype": {
          "kind": "datatype",
          "identity": "float64"
        },
        "device": {
          "kind": "device",
          "identity": "cpu"
        }
      },
      "runtime_backend": {
        "schema_version": 1,
        "backend": {
          "value": "production",
          "evidence": "pops.native.2d-float64.mpi-world.v2;execution=OpenMP;device=cpu;shared=Host;kabi=6bd5e8adfe8ac62d0b0999e12cb422843910027d3a06931352504e0a0d156555"
        },
        "target": {
          "value": "system",
          "evidence": "pops.native.2d-float64.mpi-world.v2;execution=OpenMP;device=cpu;shared=Host;kabi=6bd5e8adfe8ac62d0b0999e12cb422843910027d3a06931352504e0a0d156555"
        },
        "abi": {
          "value": "compiler=Apple LLVM 21.0.0 (clang-2100.1.1.101);std=202002L;headers=aa301ce673e78b6833d4cd25c3dfe283d3eb8e6506795f7a50dc5b88a6feff2f;kokkos=1;stdlib=libc++_210106;mpi=1;mpi_abi=f7d12ae87f8a0b401f7e2330986eddea52855a5fd643fb650d8bf8c5fc2ff8a5;dim=2",
          "evidence": "pops.native.2d-float64.mpi-world.v2;execution=OpenMP;device=cpu;shared=Host;kabi=6bd5e8adfe8ac62d0b0999e12cb422843910027d3a06931352504e0a0d156555"
        },
        "precision": {
          "storage": {
            "value": "float64",
            "evidence": "pops.native.2d-float64.mpi-world.v2;execution=OpenMP;device=cpu;shared=Host;kabi=6bd5e8adfe8ac62d0b0999e12cb422843910027d3a06931352504e0a0d156555"
          },
          "compute": {
            "value": "float64",
            "evidence": "pops.native.2d-float64.mpi-world.v2;execution=OpenMP;device=cpu;shared=Host;kabi=6bd5e8adfe8ac62d0b0999e12cb422843910027d3a06931352504e0a0d156555"
          },
          "accumulation": {
            "value": "float64",
            "evidence": "pops.native.2d-float64.mpi-world.v2;execution=OpenMP;device=cpu;shared=Host;kabi=6bd5e8adfe8ac62d0b0999e12cb422843910027d3a06931352504e0a0d156555"
          },
          "reduction": {
            "value": "float64",
            "evidence": "pops.native.2d-float64.mpi-world.v2;execution=OpenMP;device=cpu;shared=Host;kabi=6bd5e8adfe8ac62d0b0999e12cb422843910027d3a06931352504e0a0d156555"
          }
        },
        "device": {
          "value": "cpu",
          "evidence": "pops.native.2d-float64.mpi-world.v2;execution=OpenMP;device=cpu;shared=Host;kabi=6bd5e8adfe8ac62d0b0999e12cb422843910027d3a06931352504e0a0d156555"
        },
        "memory_spaces": {
          "value": [
            "host"
          ],
          "evidence": "pops.native.2d-float64.mpi-world.v2;execution=OpenMP;device=cpu;shared=Host;kabi=6bd5e8adfe8ac62d0b0999e12cb422843910027d3a06931352504e0a0d156555"
        },
        "communicator": {
          "value": "MPI_COMM_WORLD",
          "evidence": "pops.native.2d-float64.mpi-world.v2;execution=OpenMP;device=cpu;shared=Host;kabi=6bd5e8adfe8ac62d0b0999e12cb422843910027d3a06931352504e0a0d156555"
        },
        "capabilities": {
          "centerings": {
            "value": [
              "cell"
            ],
            "evidence": "pops.native.2d-float64.mpi-world.v2;execution=OpenMP;device=cpu;shared=Host;kabi=6bd5e8adfe8ac62d0b0999e12cb422843910027d3a06931352504e0a0d156555"
          },
          "execution_backend": {
            "value": "OpenMP",
            "evidence": "pops.native.2d-float64.mpi-world.v2;execution=OpenMP;device=cpu;shared=Host;kabi=6bd5e8adfe8ac62d0b0999e12cb422843910027d3a06931352504e0a0d156555"
          },
          "generic_field_view": {
            "value": true,
            "evidence": "pops.native.2d-float64.mpi-world.v2;execution=OpenMP;device=cpu;shared=Host;kabi=6bd5e8adfe8ac62d0b0999e12cb422843910027d3a06931352504e0a0d156555"
          },
          "layouts": {
            "value": [
              "right",
              "left",
              "strided"
            ],
            "evidence": "pops.native.2d-float64.mpi-world.v2;execution=OpenMP;device=cpu;shared=Host;kabi=6bd5e8adfe8ac62d0b0999e12cb422843910027d3a06931352504e0a0d156555"
          },
          "ownership": {
            "value": [
              "borrowed",
              "owned",
              "shared"
            ],
            "evidence": "pops.native.2d-float64.mpi-world.v2;execution=OpenMP;device=cpu;shared=Host;kabi=6bd5e8adfe8ac62d0b0999e12cb422843910027d3a06931352504e0a0d156555"
          },
          "scalars": {
            "value": [
              "float64"
            ],
            "evidence": "pops.native.2d-float64.mpi-world.v2;execution=OpenMP;device=cpu;shared=Host;kabi=6bd5e8adfe8ac62d0b0999e12cb422843910027d3a06931352504e0a0d156555"
          },
          "shared_space": {
            "value": "Host",
            "evidence": "pops.native.2d-float64.mpi-world.v2;execution=OpenMP;device=cpu;shared=Host;kabi=6bd5e8adfe8ac62d0b0999e12cb422843910027d3a06931352504e0a0d156555"
          },
          "stream_identity": {
            "value": "Kokkos::OpenMP::synchronous",
            "evidence": "pops.native.2d-float64.mpi-world.v2;execution=OpenMP;device=cpu;shared=Host;kabi=6bd5e8adfe8ac62d0b0999e12cb422843910027d3a06931352504e0a0d156555"
          },
          "supported_dimensions": {
            "value": [
              2
            ],
            "evidence": "pops.native.2d-float64.mpi-world.v2;execution=OpenMP;device=cpu;shared=Host;kabi=6bd5e8adfe8ac62d0b0999e12cb422843910027d3a06931352504e0a0d156555"
          }
        }
      },
      "mpi_ranks": 1,
      "mpi_root": 0,
      "saved_state": "state_40.npz",
      "saved_state_sha256": "d896de6ba5ba76a795e24dbd0c0e66372e0bda2ee0d5066f122073c756d25a2c"
    },
    {
      "cells": [
        80,
        80
      ],
      "time": 0.125,
      "accepted_steps": 34,
      "l1": 7.112465922365877e-05,
      "initial_max_error": 0.0,
      "center_average_gap": 2.5680299218455716e-05,
      "mass_error": 0.0,
      "minimum": 0.900379707619248,
      "maximum": 1.099620292380752,
      "compile_seconds": 1.0728022921830416,
      "run_seconds": 0.110597750172019,
      "run_report": {
        "accepted_steps": 34,
        "rejected_steps": 0,
        "final_time": 0.125,
        "final_macro_step": 34,
        "stop_reason": "target_time_reached",
        "run_identity": {
          "domain": "run",
          "schema_version": 1,
          "algorithm": "sha256",
          "digest": {
            "encoding": "hex",
            "bytes": "76a96f9cf10778d09abed7dbad1c1e0255984d831efd1a93e7dae934bd5bed53"
          }
        },
        "bind_identity": {
          "domain": "bind",
          "schema_version": 1,
          "algorithm": "sha256",
          "digest": {
            "encoding": "hex",
            "bytes": "eb4c865079391ae7299a5c84f78c818f7ac566cd703d634383485d4bc98ab8ff"
          }
        },
        "execution_identity": {
          "domain": "execution-context",
          "schema_version": 1,
          "algorithm": "sha256",
          "digest": {
            "encoding": "hex",
            "bytes": "60cb7f9078e144527fc6335fe2a35d83d2bc478f407802974c26591ec5b6b68a"
          }
        },
        "artifact_identity": {
          "domain": "artifact",
          "schema_version": 1,
          "algorithm": "sha256",
          "digest": {
            "encoding": "hex",
            "bytes": "4f4693e3151cee0e5f0bd61bedf286a476f9c5f8662145e53017fd0d732b87b8"
          }
        },
        "field_providers": []
      },
      "execution_context": {
        "schema_version": 1,
        "backend_identity": {
          "domain": "runtime-backend-manifest",
          "schema_version": 1,
          "algorithm": "sha256",
          "digest": {
            "encoding": "hex",
            "bytes": "4f0b25caa22b4aaf5fc10e81b5b07f6c30e9a311614a8e08ea1444c5ea167359"
          }
        },
        "communicator": {
          "kind": "communicator",
          "identity": "MPI_COMM_WORLD"
        },
        "datatype": {
          "kind": "datatype",
          "identity": "float64"
        },
        "device": {
          "kind": "device",
          "identity": "cpu"
        }
      },
      "runtime_backend": {
        "schema_version": 1,
        "backend": {
          "value": "production",
          "evidence": "pops.native.2d-float64.mpi-world.v2;execution=OpenMP;device=cpu;shared=Host;kabi=6bd5e8adfe8ac62d0b0999e12cb422843910027d3a06931352504e0a0d156555"
        },
        "target": {
          "value": "system",
          "evidence": "pops.native.2d-float64.mpi-world.v2;execution=OpenMP;device=cpu;shared=Host;kabi=6bd5e8adfe8ac62d0b0999e12cb422843910027d3a06931352504e0a0d156555"
        },
        "abi": {
          "value": "compiler=Apple LLVM 21.0.0 (clang-2100.1.1.101);std=202002L;headers=aa301ce673e78b6833d4cd25c3dfe283d3eb8e6506795f7a50dc5b88a6feff2f;kokkos=1;stdlib=libc++_210106;mpi=1;mpi_abi=f7d12ae87f8a0b401f7e2330986eddea52855a5fd643fb650d8bf8c5fc2ff8a5;dim=2",
          "evidence": "pops.native.2d-float64.mpi-world.v2;execution=OpenMP;device=cpu;shared=Host;kabi=6bd5e8adfe8ac62d0b0999e12cb422843910027d3a06931352504e0a0d156555"
        },
        "precision": {
          "storage": {
            "value": "float64",
            "evidence": "pops.native.2d-float64.mpi-world.v2;execution=OpenMP;device=cpu;shared=Host;kabi=6bd5e8adfe8ac62d0b0999e12cb422843910027d3a06931352504e0a0d156555"
          },
          "compute": {
            "value": "float64",
            "evidence": "pops.native.2d-float64.mpi-world.v2;execution=OpenMP;device=cpu;shared=Host;kabi=6bd5e8adfe8ac62d0b0999e12cb422843910027d3a06931352504e0a0d156555"
          },
          "accumulation": {
            "value": "float64",
            "evidence": "pops.native.2d-float64.mpi-world.v2;execution=OpenMP;device=cpu;shared=Host;kabi=6bd5e8adfe8ac62d0b0999e12cb422843910027d3a06931352504e0a0d156555"
          },
          "reduction": {
            "value": "float64",
            "evidence": "pops.native.2d-float64.mpi-world.v2;execution=OpenMP;device=cpu;shared=Host;kabi=6bd5e8adfe8ac62d0b0999e12cb422843910027d3a06931352504e0a0d156555"
          }
        },
        "device": {
          "value": "cpu",
          "evidence": "pops.native.2d-float64.mpi-world.v2;execution=OpenMP;device=cpu;shared=Host;kabi=6bd5e8adfe8ac62d0b0999e12cb422843910027d3a06931352504e0a0d156555"
        },
        "memory_spaces": {
          "value": [
            "host"
          ],
          "evidence": "pops.native.2d-float64.mpi-world.v2;execution=OpenMP;device=cpu;shared=Host;kabi=6bd5e8adfe8ac62d0b0999e12cb422843910027d3a06931352504e0a0d156555"
        },
        "communicator": {
          "value": "MPI_COMM_WORLD",
          "evidence": "pops.native.2d-float64.mpi-world.v2;execution=OpenMP;device=cpu;shared=Host;kabi=6bd5e8adfe8ac62d0b0999e12cb422843910027d3a06931352504e0a0d156555"
        },
        "capabilities": {
          "centerings": {
            "value": [
              "cell"
            ],
            "evidence": "pops.native.2d-float64.mpi-world.v2;execution=OpenMP;device=cpu;shared=Host;kabi=6bd5e8adfe8ac62d0b0999e12cb422843910027d3a06931352504e0a0d156555"
          },
          "execution_backend": {
            "value": "OpenMP",
            "evidence": "pops.native.2d-float64.mpi-world.v2;execution=OpenMP;device=cpu;shared=Host;kabi=6bd5e8adfe8ac62d0b0999e12cb422843910027d3a06931352504e0a0d156555"
          },
          "generic_field_view": {
            "value": true,
            "evidence": "pops.native.2d-float64.mpi-world.v2;execution=OpenMP;device=cpu;shared=Host;kabi=6bd5e8adfe8ac62d0b0999e12cb422843910027d3a06931352504e0a0d156555"
          },
          "layouts": {
            "value": [
              "right",
              "left",
              "strided"
            ],
            "evidence": "pops.native.2d-float64.mpi-world.v2;execution=OpenMP;device=cpu;shared=Host;kabi=6bd5e8adfe8ac62d0b0999e12cb422843910027d3a06931352504e0a0d156555"
          },
          "ownership": {
            "value": [
              "borrowed",
              "owned",
              "shared"
            ],
            "evidence": "pops.native.2d-float64.mpi-world.v2;execution=OpenMP;device=cpu;shared=Host;kabi=6bd5e8adfe8ac62d0b0999e12cb422843910027d3a06931352504e0a0d156555"
          },
          "scalars": {
            "value": [
              "float64"
            ],
            "evidence": "pops.native.2d-float64.mpi-world.v2;execution=OpenMP;device=cpu;shared=Host;kabi=6bd5e8adfe8ac62d0b0999e12cb422843910027d3a06931352504e0a0d156555"
          },
          "shared_space": {
            "value": "Host",
            "evidence": "pops.native.2d-float64.mpi-world.v2;execution=OpenMP;device=cpu;shared=Host;kabi=6bd5e8adfe8ac62d0b0999e12cb422843910027d3a06931352504e0a0d156555"
          },
          "stream_identity": {
            "value": "Kokkos::OpenMP::synchronous",
            "evidence": "pops.native.2d-float64.mpi-world.v2;execution=OpenMP;device=cpu;shared=Host;kabi=6bd5e8adfe8ac62d0b0999e12cb422843910027d3a06931352504e0a0d156555"
          },
          "supported_dimensions": {
            "value": [
              2
            ],
            "evidence": "pops.native.2d-float64.mpi-world.v2;execution=OpenMP;device=cpu;shared=Host;kabi=6bd5e8adfe8ac62d0b0999e12cb422843910027d3a06931352504e0a0d156555"
          }
        }
      },
      "mpi_ranks": 1,
      "mpi_root": 0,
      "saved_state": "state_80.npz",
      "saved_state_sha256": "db2fd494c773c02f6027534f799b31b2257a89c8b098fe3ac5c09fce01c09066"
    },
    {
      "cells": [
        160,
        160
      ],
      "time": 0.125,
      "accepted_steps": 67,
      "l1": 1.689517328649394e-05,
      "initial_max_error": 0.0,
      "center_average_gap": 6.424161280715879e-06,
      "mass_error": 0.0,
      "minimum": 0.9001292594774833,
      "maximum": 1.099870740522517,
      "compile_seconds": 1.090008958010003,
      "run_seconds": 0.46757941716350615,
      "run_report": {
        "accepted_steps": 67,
        "rejected_steps": 0,
        "final_time": 0.125,
        "final_macro_step": 67,
        "stop_reason": "target_time_reached",
        "run_identity": {
          "domain": "run",
          "schema_version": 1,
          "algorithm": "sha256",
          "digest": {
            "encoding": "hex",
            "bytes": "70235a5e49fba0f4032e6af760f3da1e2f786c55b45b47d89dd0b33af78def12"
          }
        },
        "bind_identity": {
          "domain": "bind",
          "schema_version": 1,
          "algorithm": "sha256",
          "digest": {
            "encoding": "hex",
            "bytes": "d118b5ac50fffef490f5ba9da8121bb856a829089413953d468d67e69c0b82c4"
          }
        },
        "execution_identity": {
          "domain": "execution-context",
          "schema_version": 1,
          "algorithm": "sha256",
          "digest": {
            "encoding": "hex",
            "bytes": "60cb7f9078e144527fc6335fe2a35d83d2bc478f407802974c26591ec5b6b68a"
          }
        },
        "artifact_identity": {
          "domain": "artifact",
          "schema_version": 1,
          "algorithm": "sha256",
          "digest": {
            "encoding": "hex",
            "bytes": "5e4ca950fbdddf3f55389d361d91bb33a6fc464ce47bb7eafc163670da0f2669"
          }
        },
        "field_providers": []
      },
      "execution_context": {
        "schema_version": 1,
        "backend_identity": {
          "domain": "runtime-backend-manifest",
          "schema_version": 1,
          "algorithm": "sha256",
          "digest": {
            "encoding": "hex",
            "bytes": "4f0b25caa22b4aaf5fc10e81b5b07f6c30e9a311614a8e08ea1444c5ea167359"
          }
        },
        "communicator": {
          "kind": "communicator",
          "identity": "MPI_COMM_WORLD"
        },
        "datatype": {
          "kind": "datatype",
          "identity": "float64"
        },
        "device": {
          "kind": "device",
          "identity": "cpu"
        }
      },
      "runtime_backend": {
        "schema_version": 1,
        "backend": {
          "value": "production",
          "evidence": "pops.native.2d-float64.mpi-world.v2;execution=OpenMP;device=cpu;shared=Host;kabi=6bd5e8adfe8ac62d0b0999e12cb422843910027d3a06931352504e0a0d156555"
        },
        "target": {
          "value": "system",
          "evidence": "pops.native.2d-float64.mpi-world.v2;execution=OpenMP;device=cpu;shared=Host;kabi=6bd5e8adfe8ac62d0b0999e12cb422843910027d3a06931352504e0a0d156555"
        },
        "abi": {
          "value": "compiler=Apple LLVM 21.0.0 (clang-2100.1.1.101);std=202002L;headers=aa301ce673e78b6833d4cd25c3dfe283d3eb8e6506795f7a50dc5b88a6feff2f;kokkos=1;stdlib=libc++_210106;mpi=1;mpi_abi=f7d12ae87f8a0b401f7e2330986eddea52855a5fd643fb650d8bf8c5fc2ff8a5;dim=2",
          "evidence": "pops.native.2d-float64.mpi-world.v2;execution=OpenMP;device=cpu;shared=Host;kabi=6bd5e8adfe8ac62d0b0999e12cb422843910027d3a06931352504e0a0d156555"
        },
        "precision": {
          "storage": {
            "value": "float64",
            "evidence": "pops.native.2d-float64.mpi-world.v2;execution=OpenMP;device=cpu;shared=Host;kabi=6bd5e8adfe8ac62d0b0999e12cb422843910027d3a06931352504e0a0d156555"
          },
          "compute": {
            "value": "float64",
            "evidence": "pops.native.2d-float64.mpi-world.v2;execution=OpenMP;device=cpu;shared=Host;kabi=6bd5e8adfe8ac62d0b0999e12cb422843910027d3a06931352504e0a0d156555"
          },
          "accumulation": {
            "value": "float64",
            "evidence": "pops.native.2d-float64.mpi-world.v2;execution=OpenMP;device=cpu;shared=Host;kabi=6bd5e8adfe8ac62d0b0999e12cb422843910027d3a06931352504e0a0d156555"
          },
          "reduction": {
            "value": "float64",
            "evidence": "pops.native.2d-float64.mpi-world.v2;execution=OpenMP;device=cpu;shared=Host;kabi=6bd5e8adfe8ac62d0b0999e12cb422843910027d3a06931352504e0a0d156555"
          }
        },
        "device": {
          "value": "cpu",
          "evidence": "pops.native.2d-float64.mpi-world.v2;execution=OpenMP;device=cpu;shared=Host;kabi=6bd5e8adfe8ac62d0b0999e12cb422843910027d3a06931352504e0a0d156555"
        },
        "memory_spaces": {
          "value": [
            "host"
          ],
          "evidence": "pops.native.2d-float64.mpi-world.v2;execution=OpenMP;device=cpu;shared=Host;kabi=6bd5e8adfe8ac62d0b0999e12cb422843910027d3a06931352504e0a0d156555"
        },
        "communicator": {
          "value": "MPI_COMM_WORLD",
          "evidence": "pops.native.2d-float64.mpi-world.v2;execution=OpenMP;device=cpu;shared=Host;kabi=6bd5e8adfe8ac62d0b0999e12cb422843910027d3a06931352504e0a0d156555"
        },
        "capabilities": {
          "centerings": {
            "value": [
              "cell"
            ],
            "evidence": "pops.native.2d-float64.mpi-world.v2;execution=OpenMP;device=cpu;shared=Host;kabi=6bd5e8adfe8ac62d0b0999e12cb422843910027d3a06931352504e0a0d156555"
          },
          "execution_backend": {
            "value": "OpenMP",
            "evidence": "pops.native.2d-float64.mpi-world.v2;execution=OpenMP;device=cpu;shared=Host;kabi=6bd5e8adfe8ac62d0b0999e12cb422843910027d3a06931352504e0a0d156555"
          },
          "generic_field_view": {
            "value": true,
            "evidence": "pops.native.2d-float64.mpi-world.v2;execution=OpenMP;device=cpu;shared=Host;kabi=6bd5e8adfe8ac62d0b0999e12cb422843910027d3a06931352504e0a0d156555"
          },
          "layouts": {
            "value": [
              "right",
              "left",
              "strided"
            ],
            "evidence": "pops.native.2d-float64.mpi-world.v2;execution=OpenMP;device=cpu;shared=Host;kabi=6bd5e8adfe8ac62d0b0999e12cb422843910027d3a06931352504e0a0d156555"
          },
          "ownership": {
            "value": [
              "borrowed",
              "owned",
              "shared"
            ],
            "evidence": "pops.native.2d-float64.mpi-world.v2;execution=OpenMP;device=cpu;shared=Host;kabi=6bd5e8adfe8ac62d0b0999e12cb422843910027d3a06931352504e0a0d156555"
          },
          "scalars": {
            "value": [
              "float64"
            ],
            "evidence": "pops.native.2d-float64.mpi-world.v2;execution=OpenMP;device=cpu;shared=Host;kabi=6bd5e8adfe8ac62d0b0999e12cb422843910027d3a06931352504e0a0d156555"
          },
          "shared_space": {
            "value": "Host",
            "evidence": "pops.native.2d-float64.mpi-world.v2;execution=OpenMP;device=cpu;shared=Host;kabi=6bd5e8adfe8ac62d0b0999e12cb422843910027d3a06931352504e0a0d156555"
          },
          "stream_identity": {
            "value": "Kokkos::OpenMP::synchronous",
            "evidence": "pops.native.2d-float64.mpi-world.v2;execution=OpenMP;device=cpu;shared=Host;kabi=6bd5e8adfe8ac62d0b0999e12cb422843910027d3a06931352504e0a0d156555"
          },
          "supported_dimensions": {
            "value": [
              2
            ],
            "evidence": "pops.native.2d-float64.mpi-world.v2;execution=OpenMP;device=cpu;shared=Host;kabi=6bd5e8adfe8ac62d0b0999e12cb422843910027d3a06931352504e0a0d156555"
          }
        }
      },
      "mpi_ranks": 1,
      "mpi_root": 0,
      "saved_state": "state_160.npz",
      "saved_state_sha256": "fff811d9d7246a818a56d7c0c5d3e123058d132632f070bca42b763eefe8d2d1"
    },
    {
      "cells": [
        320,
        320
      ],
      "time": 0.125,
      "accepted_steps": 134,
      "l1": 4.052047834021422e-06,
      "initial_max_error": 0.0,
      "center_average_gap": 1.6062957705065273e-06,
      "mass_error": 0.0,
      "minimum": 0.900045647676436,
      "maximum": 1.0999543523235638,
      "compile_seconds": 1.0486159999854863,
      "run_seconds": 3.3668292919173837,
      "run_report": {
        "accepted_steps": 134,
        "rejected_steps": 0,
        "final_time": 0.125,
        "final_macro_step": 134,
        "stop_reason": "target_time_reached",
        "run_identity": {
          "domain": "run",
          "schema_version": 1,
          "algorithm": "sha256",
          "digest": {
            "encoding": "hex",
            "bytes": "1033789cb4eb120029ef8ed3d2fc2297b3e512e5f2ba863d42afb8dc202feb0e"
          }
        },
        "bind_identity": {
          "domain": "bind",
          "schema_version": 1,
          "algorithm": "sha256",
          "digest": {
            "encoding": "hex",
            "bytes": "72192f0b404e52643938923a122eecba174b3911f4e68d9c89d88444745d3ed8"
          }
        },
        "execution_identity": {
          "domain": "execution-context",
          "schema_version": 1,
          "algorithm": "sha256",
          "digest": {
            "encoding": "hex",
            "bytes": "60cb7f9078e144527fc6335fe2a35d83d2bc478f407802974c26591ec5b6b68a"
          }
        },
        "artifact_identity": {
          "domain": "artifact",
          "schema_version": 1,
          "algorithm": "sha256",
          "digest": {
            "encoding": "hex",
            "bytes": "615c257c21af412eb313b96f6c34145534d3cfed987c2e23d212e80dac8433bf"
          }
        },
        "field_providers": []
      },
      "execution_context": {
        "schema_version": 1,
        "backend_identity": {
          "domain": "runtime-backend-manifest",
          "schema_version": 1,
          "algorithm": "sha256",
          "digest": {
            "encoding": "hex",
            "bytes": "4f0b25caa22b4aaf5fc10e81b5b07f6c30e9a311614a8e08ea1444c5ea167359"
          }
        },
        "communicator": {
          "kind": "communicator",
          "identity": "MPI_COMM_WORLD"
        },
        "datatype": {
          "kind": "datatype",
          "identity": "float64"
        },
        "device": {
          "kind": "device",
          "identity": "cpu"
        }
      },
      "runtime_backend": {
        "schema_version": 1,
        "backend": {
          "value": "production",
          "evidence": "pops.native.2d-float64.mpi-world.v2;execution=OpenMP;device=cpu;shared=Host;kabi=6bd5e8adfe8ac62d0b0999e12cb422843910027d3a06931352504e0a0d156555"
        },
        "target": {
          "value": "system",
          "evidence": "pops.native.2d-float64.mpi-world.v2;execution=OpenMP;device=cpu;shared=Host;kabi=6bd5e8adfe8ac62d0b0999e12cb422843910027d3a06931352504e0a0d156555"
        },
        "abi": {
          "value": "compiler=Apple LLVM 21.0.0 (clang-2100.1.1.101);std=202002L;headers=aa301ce673e78b6833d4cd25c3dfe283d3eb8e6506795f7a50dc5b88a6feff2f;kokkos=1;stdlib=libc++_210106;mpi=1;mpi_abi=f7d12ae87f8a0b401f7e2330986eddea52855a5fd643fb650d8bf8c5fc2ff8a5;dim=2",
          "evidence": "pops.native.2d-float64.mpi-world.v2;execution=OpenMP;device=cpu;shared=Host;kabi=6bd5e8adfe8ac62d0b0999e12cb422843910027d3a06931352504e0a0d156555"
        },
        "precision": {
          "storage": {
            "value": "float64",
            "evidence": "pops.native.2d-float64.mpi-world.v2;execution=OpenMP;device=cpu;shared=Host;kabi=6bd5e8adfe8ac62d0b0999e12cb422843910027d3a06931352504e0a0d156555"
          },
          "compute": {
            "value": "float64",
            "evidence": "pops.native.2d-float64.mpi-world.v2;execution=OpenMP;device=cpu;shared=Host;kabi=6bd5e8adfe8ac62d0b0999e12cb422843910027d3a06931352504e0a0d156555"
          },
          "accumulation": {
            "value": "float64",
            "evidence": "pops.native.2d-float64.mpi-world.v2;execution=OpenMP;device=cpu;shared=Host;kabi=6bd5e8adfe8ac62d0b0999e12cb422843910027d3a06931352504e0a0d156555"
          },
          "reduction": {
            "value": "float64",
            "evidence": "pops.native.2d-float64.mpi-world.v2;execution=OpenMP;device=cpu;shared=Host;kabi=6bd5e8adfe8ac62d0b0999e12cb422843910027d3a06931352504e0a0d156555"
          }
        },
        "device": {
          "value": "cpu",
          "evidence": "pops.native.2d-float64.mpi-world.v2;execution=OpenMP;device=cpu;shared=Host;kabi=6bd5e8adfe8ac62d0b0999e12cb422843910027d3a06931352504e0a0d156555"
        },
        "memory_spaces": {
          "value": [
            "host"
          ],
          "evidence": "pops.native.2d-float64.mpi-world.v2;execution=OpenMP;device=cpu;shared=Host;kabi=6bd5e8adfe8ac62d0b0999e12cb422843910027d3a06931352504e0a0d156555"
        },
        "communicator": {
          "value": "MPI_COMM_WORLD",
          "evidence": "pops.native.2d-float64.mpi-world.v2;execution=OpenMP;device=cpu;shared=Host;kabi=6bd5e8adfe8ac62d0b0999e12cb422843910027d3a06931352504e0a0d156555"
        },
        "capabilities": {
          "centerings": {
            "value": [
              "cell"
            ],
            "evidence": "pops.native.2d-float64.mpi-world.v2;execution=OpenMP;device=cpu;shared=Host;kabi=6bd5e8adfe8ac62d0b0999e12cb422843910027d3a06931352504e0a0d156555"
          },
          "execution_backend": {
            "value": "OpenMP",
            "evidence": "pops.native.2d-float64.mpi-world.v2;execution=OpenMP;device=cpu;shared=Host;kabi=6bd5e8adfe8ac62d0b0999e12cb422843910027d3a06931352504e0a0d156555"
          },
          "generic_field_view": {
            "value": true,
            "evidence": "pops.native.2d-float64.mpi-world.v2;execution=OpenMP;device=cpu;shared=Host;kabi=6bd5e8adfe8ac62d0b0999e12cb422843910027d3a06931352504e0a0d156555"
          },
          "layouts": {
            "value": [
              "right",
              "left",
              "strided"
            ],
            "evidence": "pops.native.2d-float64.mpi-world.v2;execution=OpenMP;device=cpu;shared=Host;kabi=6bd5e8adfe8ac62d0b0999e12cb422843910027d3a06931352504e0a0d156555"
          },
          "ownership": {
            "value": [
              "borrowed",
              "owned",
              "shared"
            ],
            "evidence": "pops.native.2d-float64.mpi-world.v2;execution=OpenMP;device=cpu;shared=Host;kabi=6bd5e8adfe8ac62d0b0999e12cb422843910027d3a06931352504e0a0d156555"
          },
          "scalars": {
            "value": [
              "float64"
            ],
            "evidence": "pops.native.2d-float64.mpi-world.v2;execution=OpenMP;device=cpu;shared=Host;kabi=6bd5e8adfe8ac62d0b0999e12cb422843910027d3a06931352504e0a0d156555"
          },
          "shared_space": {
            "value": "Host",
            "evidence": "pops.native.2d-float64.mpi-world.v2;execution=OpenMP;device=cpu;shared=Host;kabi=6bd5e8adfe8ac62d0b0999e12cb422843910027d3a06931352504e0a0d156555"
          },
          "stream_identity": {
            "value": "Kokkos::OpenMP::synchronous",
            "evidence": "pops.native.2d-float64.mpi-world.v2;execution=OpenMP;device=cpu;shared=Host;kabi=6bd5e8adfe8ac62d0b0999e12cb422843910027d3a06931352504e0a0d156555"
          },
          "supported_dimensions": {
            "value": [
              2
            ],
            "evidence": "pops.native.2d-float64.mpi-world.v2;execution=OpenMP;device=cpu;shared=Host;kabi=6bd5e8adfe8ac62d0b0999e12cb422843910027d3a06931352504e0a0d156555"
          }
        }
      },
      "mpi_ranks": 1,
      "mpi_root": 0,
      "saved_state": "state_320.npz",
      "saved_state_sha256": "4b173bae4f6274c70c33f2b4a50c99990bdc8a8bec2393853ab33f198ac52561"
    }
  ],
  "package_file": "/Users/romaindespoulain/miniforge3/envs/pops-api040/lib/python3.12/site-packages/pops/__init__.py",
  "package_version": "1.1.0",
  "native_file": "/Users/romaindespoulain/miniforge3/envs/pops-api040/lib/python3.12/site-packages/pops/_native/dim2/_pops.cpython-312-darwin.so",
  "native_sha256": "e1070cb63a8e733b0a6032ac4d2b8ad003756668c100e057e5f8edd5b9c01280",
  "abi_key": "compiler=Apple LLVM 21.0.0 (clang-2100.1.1.101);std=202002L;headers=aa301ce673e78b6833d4cd25c3dfe283d3eb8e6506795f7a50dc5b88a6feff2f;kokkos=1;stdlib=libc++_210106;mpi=1;mpi_abi=f7d12ae87f8a0b401f7e2330986eddea52855a5fd643fb650d8bf8c5fc2ff8a5;dim=2",
  "threads_requested": "1"
}
